2025-08-03 09:12:15,234 - INFO - system.startup - Anwendung gestartet
2025-08-03 09:12:16,102 - DEBUG - db.connector - Verbindung zur Datenbank wird aufgebaut...
2025-08-03 09:12:16,301 - INFO - db.connector - Verbindung erfolgreich hergestellt
2025-08-03 09:12:17,451 - WARNING - cache.handler - Cache ist veraltet, lade Daten neu
2025-08-03 09:12:18,004 - ERROR - api.client - Fehler beim Abrufen der Daten: Timeout
2025-08-03 09:12:20,897 - INFO - system.shutdown - Anwendung wird heruntergefahren
